// Jest Snapshot v1, https://goo.gl/fbAQLP

exports[`Loading renders correctly 1`] = `
<div
  className="loading-container "
>
  <div
    className="loading title"
  >
    <h1>
      Loading...
    </h1>
  </div>
  <div />
  <img
    className="loading-logo"
    src="test-file-stub"
  />
</div>
`;
